INSTRUMENTATION_STATUS: class=com.ainotification.inbox.LocalReceiptRepairDeviceTest
INSTRUMENTATION_STATUS: current=1
INSTRUMENTATION_STATUS: id=AndroidJUnitRunner
INSTRUMENTATION_STATUS: numtests=2
INSTRUMENTATION_STATUS: stream=
com.ainotification.inbox.LocalReceiptRepairDeviceTest:
INSTRUMENTATION_STATUS: test=applyExplicitLocalReceipts
INSTRUMENTATION_STATUS_CODE: 1
INSTRUMENTATION_STATUS: class=com.ainotification.inbox.LocalReceiptRepairDeviceTest
INSTRUMENTATION_STATUS: current=1
INSTRUMENTATION_STATUS: id=AndroidJUnitRunner
INSTRUMENTATION_STATUS: numtests=2
INSTRUMENTATION_STATUS: stream=.
INSTRUMENTATION_STATUS: test=applyExplicitLocalReceipts
INSTRUMENTATION_STATUS_CODE: 0
INSTRUMENTATION_STATUS: class=com.ainotification.inbox.MgReceiptDeviceTest
INSTRUMENTATION_STATUS: current=2
INSTRUMENTATION_STATUS: id=AndroidJUnitRunner
INSTRUMENTATION_STATUS: numtests=2
INSTRUMENTATION_STATUS: stream=
com.ainotification.inbox.MgReceiptDeviceTest:
INSTRUMENTATION_STATUS: test=capturedMgReceiptsAreInSmartAndNow
INSTRUMENTATION_STATUS_CODE: 1
INSTRUMENTATION_STATUS: class=com.ainotification.inbox.MgReceiptDeviceTest
INSTRUMENTATION_STATUS: current=2
INSTRUMENTATION_STATUS: id=AndroidJUnitRunner
INSTRUMENTATION_STATUS: numtests=2
INSTRUMENTATION_STATUS: stream=.
INSTRUMENTATION_STATUS: test=capturedMgReceiptsAreInSmartAndNow
INSTRUMENTATION_STATUS_CODE: 0
INSTRUMENTATION_RESULT: stream=

Time: 138.157

OK (2 tests)


INSTRUMENTATION_CODE: -1
