
com.ainotification.inbox.StructuredPolicyDeviceTest:INSTRUMENTATION_STATUS: api_calls=0
INSTRUMENTATION_STATUS: estimated_usd=0.0
INSTRUMENTATION_STATUS: jev_compile_calls=0
INSTRUMENTATION_STATUS_CODE: 0
.
Error in incrementalJsonAddUpdateAndClarify(com.ainotification.inbox.StructuredPolicyDeviceTest):
org.junit.ComparisonFailure: expected:<[clarification_required]> but was:<[ready]>
	at org.junit.Assert.assertEquals(Assert.java:117)
	at org.junit.Assert.assertEquals(Assert.java:146)
	at com.ainotification.inbox.StructuredPolicyDeviceTest$incrementalJsonAddUpdateAndClarify$1$1.invokeSuspend(StructuredPolicyDeviceTest.kt:189)
	at kotlin.coroutines.jvm.internal.BaseContinuationImpl.resumeWith(ContinuationImpl.kt:33)
	at kotlinx.coroutines.DispatchedTaskKt.resume(DispatchedTask.kt:233)
	at kotlinx.coroutines.DispatchedTaskKt.dispatch(DispatchedTask.kt:152)
	at kotlinx.coroutines.CancellableContinuationImpl.dispatchResume(CancellableContinuationImpl.kt:470)
	at kotlinx.coroutines.CancellableContinuationImpl.resumeImpl$kotlinx_coroutines_core(CancellableContinuationImpl.kt:504)
	at kotlinx.coroutines.CancellableContinuationImpl.resumeImpl$kotlinx_coroutines_core$default(CancellableContinuationImpl.kt:493)
	at kotlinx.coroutines.CancellableContinuationImpl.resumeUndispatched(CancellableContinuationImpl.kt:596)
	at kotlinx.coroutines.EventLoopImplBase$DelayedResumeTask.run(EventLoop.common.kt:497)
	at kotlinx.coroutines.EventLoopImplBase.processNextEvent(EventLoop.common.kt:263)
	at kotlinx.coroutines.BlockingCoroutine.joinBlocking(Builders.kt:94)
	at kotlinx.coroutines.BuildersKt__BuildersKt.runBlocking(Builders.kt:70)
	at kotlinx.coroutines.BuildersKt.runBlocking(dex-id-9859efbaa13cf78bf30a12bc0d6297b9ca7c9bd4:1)
	at kotlinx.coroutines.BuildersKt__BuildersKt.runBlocking$default(Builders.kt:48)
	at kotlinx.coroutines.BuildersKt.runBlocking$default(dex-id-9859efbaa13cf78bf30a12bc0d6297b9ca7c9bd4:1)
	at com.ainotification.inbox.StructuredPolicyDeviceTest.incrementalJsonAddUpdateAndClarify(StructuredPolicyDeviceTest.kt:167)


Time: 45.752
There was 1 failure:
1) incrementalJsonAddUpdateAndClarify(com.ainotification.inbox.StructuredPolicyDeviceTest)
org.junit.ComparisonFailure: expected:<[clarification_required]> but was:<[ready]>
	at org.junit.Assert.assertEquals(Assert.java:117)
	at org.junit.Assert.assertEquals(Assert.java:146)
	at com.ainotification.inbox.StructuredPolicyDeviceTest$incrementalJsonAddUpdateAndClarify$1$1.invokeSuspend(StructuredPolicyDeviceTest.kt:189)
	at kotlin.coroutines.jvm.internal.BaseContinuationImpl.resumeWith(ContinuationImpl.kt:33)
	at kotlinx.coroutines.DispatchedTaskKt.resume(DispatchedTask.kt:233)
	at kotlinx.coroutines.DispatchedTaskKt.dispatch(DispatchedTask.kt:152)
	at kotlinx.coroutines.CancellableContinuationImpl.dispatchResume(CancellableContinuationImpl.kt:470)
	at kotlinx.coroutines.CancellableContinuationImpl.resumeImpl$kotlinx_coroutines_core(CancellableContinuationImpl.kt:504)
	at kotlinx.coroutines.CancellableContinuationImpl.resumeImpl$kotlinx_coroutines_core$default(CancellableContinuationImpl.kt:493)
	at kotlinx.coroutines.CancellableContinuationImpl.resumeUndispatched(CancellableContinuationImpl.kt:596)
	at kotlinx.coroutines.EventLoopImplBase$DelayedResumeTask.run(EventLoop.common.kt:497)
	at kotlinx.coroutines.EventLoopImplBase.processNextEvent(EventLoop.common.kt:263)
	at kotlinx.coroutines.BlockingCoroutine.joinBlocking(Builders.kt:94)
	at kotlinx.coroutines.BuildersKt__BuildersKt.runBlocking(Builders.kt:70)
	at kotlinx.coroutines.BuildersKt.runBlocking(dex-id-9859efbaa13cf78bf30a12bc0d6297b9ca7c9bd4:1)
	at kotlinx.coroutines.BuildersKt__BuildersKt.runBlocking$default(Builders.kt:48)
	at kotlinx.coroutines.BuildersKt.runBlocking$default(dex-id-9859efbaa13cf78bf30a12bc0d6297b9ca7c9bd4:1)
	at com.ainotification.inbox.StructuredPolicyDeviceTest.incrementalJsonAddUpdateAndClarify(StructuredPolicyDeviceTest.kt:167)

FAILURES!!!
Tests run: 2,  Failures: 1


